
> timetable-generator-client@1.0.0 build
> vite build

[36mvite v4.5.14 [32mbuilding for production...[36m[39m
transforming...
node.exe : Browserslist: browsers data (caniuse-lite) 
is 9 months old. Please run:
At line:1 char:1
+ & "C:\Program Files\nodejs/node.exe" "C:\Program 
Files\nodejs/node_mo ...
+ ~~~~~~~~~~~~~~~~~~~~~~~~~~~~~~~~~~~~~~~~~~~~~~~~~~~~~
~~~~~~~~~~~~~~~~
    + CategoryInfo          : NotSpecified: (Browsersl 
   ist: b...ld. Please run::String) [], RemoteExcepti  
  on
    + FullyQualifiedErrorId : NativeCommandError
 
  npx update-browserslist-db@latest
  Why you should do it regularly: 
https://github.com/browserslist/update-db#readme
[32mΓ£ô[39m 2292 modules transformed.
rendering chunks...
computing gzip size...
[2mdist/[22m[32mindex.html                 [39m[1m[2m    0.73 kB[22m[1m[22m[2m Γöé gzip:   0.42 kB[22m
[2mdist/[22m[35massets/index-cd6e6a1a.css  [39m[1m[2m  107.50 kB[22m[1m[22m[2m Γöé gzip:  15.69 kB[22m
[2mdist/[22m[36massets/index-21bfb4fe.js   [39m[1m[33m1,556.68 kB[39m[22m[2m Γöé gzip: 377.45 kB[22m
[33m
(!) Some chunks are larger than 500 kBs after 
minification. Consider:
- Using dynamic import() to code-split the application
- Use build.rollupOptions.output.manualChunks to 
improve chunking: https://rollupjs.org/configuration-op
tions/#output-manualchunks
- Adjust chunk size limit for this warning via 
build.chunkSizeWarningLimit.[39m
[32mΓ£ô built in 1m 6s[39m
